// Jest Snapshot v1, https://goo.gl/fbAQLP

exports[`expect CheckBox to render 1`] = `
<div
  className="container h-100 w-100 mt-5"
>
  <div
    className="row"
  >
    <FormGenerator
      className="col-12"
      fieldConfig={
        Object {
          "controls": Object {
            "$field_0": Object {
              "isStatic": false,
              "render": [Function],
            },
            "$field_1": Object {
              "isStatic": false,
              "render": [Function],
            },
            "first_name": Object {
              "meta": Object {
                "classes": "col-6 pr-2",
                "label": "First Name",
                "placeholder": "Enter first name",
              },
              "options": Object {
                "validators": [Function],
              },
              "render": [Function],
            },
            "full_name": Object {
              "meta": Object {
                "classes": "col-12 pb-5",
                "label": "Full Name",
                "placeholder": "Enter Full Name",
              },
              "options": Object {
                "validators": [Function],
              },
              "render": [Function],
            },
            "gender": Object {
              "formState": "other",
              "meta": Object {
                "classes": "col-6",
                "items": Array [
                  Object {
                    "key": "male",
                    "value": "Male",
                  },
                  Object {
                    "key": "female",
                    "value": "Female",
                  },
                  Object {
                    "key": "other",
                    "value": "other",
                  },
                ],
                "label": "Gender",
              },
              "options": Object {
                "validators": [Function],
              },
              "render": [Function],
            },
            "last_name": Object {
              "meta": Object {
                "classes": "col-6",
                "label": "Last Name",
                "placeholder": "Enter last name",
              },
              "options": Object {
                "validators": [Function],
              },
              "render": [Function],
            },
            "nationality": Object {
              "meta": Object {
                "classes": "col-6 pr-2",
                "items": Array [
                  Object {
                    "key": "us",
                    "value": "US",
                  },
                  Object {
                    "key": "uk",
                    "value": "UK",
                  },
                  Object {
                    "key": "india",
                    "value": "India",
                  },
                  Object {
                    "key": "china",
                    "value": "China",
                  },
                ],
                "label": "State",
              },
              "render": [Function],
            },
            "notes": Object {
              "meta": Object {
                "label": "Notes",
              },
              "render": [Function],
            },
            "terms": Object {
              "formState": false,
              "meta": Object {
                "classes": "col-6",
                "items": Array [
                  Object {
                    "key": "terms",
                    "value": "I agree to the terms and condition.",
                  },
                ],
              },
              "options": Object {
                "validators": [Function],
              },
              "render": [Function],
            },
          },
        }
      }
      onMount={[Function]}
      onUnmount={[Function]}
    />
  </div>
</div>
`;
